# offsets.map — gerado por scanner externo, carregado em runtime por offsets_map::load_from_file()
# Formato: KEY 0xVALOR (hex)
# Atualizado: 2026-09-09

# ─── client.dll — offsets globais ───────────────────────────────────────────
dwGlobalVars               0x20AF5F0
dwEntityList               0x2571220
dwLocalPlayerController    0x23A0F30
dwViewMatrix               0x23CB830
dwViewRender               0x23CB898
dwPlantedC4                0x2390A18
dwPrediction               0x23C6170
dwSensitivity              0x23C3578
dwSensitivity_sensitivity  0x58
dwViewAngles               0x23DC2F8
dwWeaponC4                 0x233EF10

# ─── engine2.dll ─────────────────────────────────────────────────────────────
dwBuildNumber                              0x60F594
dwNetworkGameClient                        0x90D4B0
dwNetworkGameClient_clientTickCount        0x378
dwNetworkGameClient_deltaTick              0x24C
dwNetworkGameClient_isBackgroundMap        0x2C141F
dwNetworkGameClient_localPlayer            0xF8
dwNetworkGameClient_maxClients             0x240
dwNetworkGameClient_serverTickCount        0x24C
dwNetworkGameClient_signOnState            0x230
dwWindowHeight                             0x9118D4
dwWindowWidth                              0x9118D0

# ─── inputsystem.dll ─────────────────────────────────────────────────────────
dwInputSystem              0x45BA0

# ─── soundsystem.dll ─────────────────────────────────────────────────────────
dwSoundSystem              0x54B5D0
dwSoundSystem_engineViewData 0x7C

# ─── common client struct offsets ────────────────────────────────────────────
m_iHealth              0x334
m_iTeamNum             0x3C3
m_vOldOrigin           0x12B4
m_vecAbsVelocity       0x3F8
m_vecViewOffset        0x12CC
m_bPinPulled           0x1680
m_fThrowTime           0x1690
m_flThrowStrength      0x16A0
m_pszImpactEffect      0x11E0
m_impactEnergyScale    0x1258
m_bulletImpact         0x20
m_sSanitizedPlayerName 0x868

# ─── Bomb Timer (C_PlantedC4) ────────────────────────────────────────────────
m_flC4Blow             0x11D0
m_flDefuseCountDown    0x11F0
m_bBeingDefused        0x11DC
m_bBombDefused         0x11F4
m_nBombSite            0x11A4
m_hDefuser             0x16D0

# ─── RCS / Aim ───────────────────────────────────────────────────────────────
m_aimPunchAngle        0x14B8
